[    3989ms] [ERROR] WebSocket connection to 'ws://localhost:3002/socket.io/?EIO=4&transport=websocket' failed: Error in connection establishment: net::ERR_CONNECTION_REFUSED @ http://localhost:3005/_next/static/chunks/node_modules_3e6e81b0._.js:17264
[    6919ms] [ERROR] WebSocket connection to 'ws://localhost:3002/socket.io/?EIO=4&transport=websocket' failed: Error in connection establishment: net::ERR_CONNECTION_REFUSED @ http://localhost:3005/_next/static/chunks/node_modules_3e6e81b0._.js:17264
[   11257ms] [ERROR] WebSocket connection to 'ws://localhost:3002/socket.io/?EIO=4&transport=websocket' failed: Error in connection establishment: net::ERR_CONNECTION_REFUSED @ http://localhost:3005/_next/static/chunks/node_modules_3e6e81b0._.js:17264
[   18630ms] [ERROR] WebSocket connection to 'ws://localhost:3002/socket.io/?EIO=4&transport=websocket' failed: Error in connection establishment: net::ERR_CONNECTION_REFUSED @ http://localhost:3005/_next/static/chunks/node_modules_3e6e81b0._.js:17264
[   26004ms] [ERROR] WebSocket connection to 'ws://localhost:3002/socket.io/?EIO=4&transport=websocket' failed: Error in connection establishment: net::ERR_CONNECTION_REFUSED @ http://localhost:3005/_next/static/chunks/node_modules_3e6e81b0._.js:17264
[   33369ms] [ERROR] WebSocket connection to 'ws://localhost:3002/socket.io/?EIO=4&transport=websocket' failed: Error in connection establishment: net::ERR_CONNECTION_REFUSED @ http://localhost:3005/_next/static/chunks/node_modules_3e6e81b0._.js:17264
[   36344ms] [WARNING] WebSocket connection to 'ws://localhost:3002/socket.io/?EIO=4&transport=websocket' failed: WebSocket is closed before the connection is established. @ http://localhost:3005/_next/static/chunks/node_modules_3e6e81b0._.js:17239
[   38022ms] [WARNING] Warning: Missing `Description` or `aria-describedby={undefined}` for {DialogContent}. @ http://localhost:3005/_next/static/chunks/node_modules_next_dist_7a8122d0._.js:2287
[   38026ms] [WARNING] Warning: Missing `Description` or `aria-describedby={undefined}` for {DialogContent}. @ http://localhost:3005/_next/static/chunks/node_modules_next_dist_7a8122d0._.js:2287
[   38727ms] [ERROR] WebSocket connection to 'ws://localhost:3002/socket.io/?EIO=4&transport=websocket' failed: Error in connection establishment: net::ERR_CONNECTION_REFUSED @ http://localhost:3005/_next/static/chunks/node_modules_3e6e81b0._.js:17264
[   39901ms] [WARNING] WebSocket connection to 'ws://localhost:3002/socket.io/?EIO=4&transport=websocket' failed: WebSocket is closed before the connection is established. @ http://localhost:3005/_next/static/chunks/node_modules_3e6e81b0._.js:17239
[   39911ms] [WARNING] WebSocket connection to 'ws://localhost:3002/socket.io/?EIO=4&transport=websocket' failed: WebSocket is closed before the connection is established. @ http://localhost:3005/_next/static/chunks/node_modules_3e6e81b0._.js:17239
[   40824ms] [WARNING] WebSocket connection to 'ws://localhost:3002/socket.io/?EIO=4&transport=websocket' failed: WebSocket is closed before the connection is established. @ http://localhost:3005/_next/static/chunks/node_modules_3e6e81b0._.js:17239
[   42138ms] [WARNING] WebSocket connection to 'ws://localhost:3002/socket.io/?EIO=4&transport=websocket' failed: WebSocket is closed before the connection is established. @ http://localhost:3005/_next/static/chunks/node_modules_3e6e81b0._.js:17239
[   44508ms] [ERROR] WebSocket connection to 'ws://localhost:3002/socket.io/?EIO=4&transport=websocket' failed: Error in connection establishment: net::ERR_CONNECTION_REFUSED @ http://localhost:3005/_next/static/chunks/node_modules_3e6e81b0._.js:17264
[   45888ms] [WARNING] WebSocket connection to 'ws://localhost:3002/socket.io/?EIO=4&transport=websocket' failed: WebSocket is closed before the connection is established. @ http://localhost:3005/_next/static/chunks/node_modules_3e6e81b0._.js:17239
[   50449ms] [WARNING] WebSocket connection to 'ws://localhost:3002/socket.io/?EIO=4&transport=websocket' failed: WebSocket is closed before the connection is established. @ http://localhost:3005/_next/static/chunks/node_modules_3e6e81b0._.js:17239
[   52084ms] [WARNING] WebSocket connection to 'ws://localhost:3002/socket.io/?EIO=4&transport=websocket' failed: WebSocket is closed before the connection is established. @ http://localhost:3005/_next/static/chunks/node_modules_3e6e81b0._.js:17239
[   62475ms] [WARNING] WebSocket connection to 'ws://localhost:3002/socket.io/?EIO=4&transport=websocket' failed: WebSocket is closed before the connection is established. @ http://localhost:3005/_next/static/chunks/node_modules_3e6e81b0._.js:17239
[   63939ms] [WARNING] WebSocket connection to 'ws://localhost:3002/socket.io/?EIO=4&transport=websocket' failed: WebSocket is closed before the connection is established. @ http://localhost:3005/_next/static/chunks/node_modules_3e6e81b0._.js:17239
[   63950ms] [WARNING] WebSocket connection to 'ws://localhost:3002/socket.io/?EIO=4&transport=websocket' failed: WebSocket is closed before the connection is established. @ http://localhost:3005/_next/static/chunks/node_modules_3e6e81b0._.js:17239
[   64760ms] [WARNING] WebSocket connection to 'ws://localhost:3002/socket.io/?EIO=4&transport=websocket' failed: WebSocket is closed before the connection is established. @ http://localhost:3005/_next/static/chunks/node_modules_3e6e81b0._.js:17239
[   66670ms] [WARNING] WebSocket connection to 'ws://localhost:3002/socket.io/?EIO=4&transport=websocket' failed: WebSocket is closed before the connection is established. @ http://localhost:3005/_next/static/chunks/node_modules_3e6e81b0._.js:17239
[   69050ms] [ERROR] WebSocket connection to 'ws://localhost:3002/socket.io/?EIO=4&transport=websocket' failed: Error in connection establishment: net::ERR_CONNECTION_REFUSED @ http://localhost:3005/_next/static/chunks/node_modules_3e6e81b0._.js:17264
[   71181ms] [WARNING] WebSocket connection to 'ws://localhost:3002/socket.io/?EIO=4&transport=websocket' failed: WebSocket is closed before the connection is established. @ http://localhost:3005/_next/static/chunks/node_modules_3e6e81b0._.js:17239
[   79139ms] [WARNING] WebSocket connection to 'ws://localhost:3002/socket.io/?EIO=4&transport=websocket' failed: WebSocket is closed before the connection is established. @ http://localhost:3005/_next/static/chunks/node_modules_3e6e81b0._.js:17239
[   81549ms] [ERROR] WebSocket connection to 'ws://localhost:3002/socket.io/?EIO=4&transport=websocket' failed: Error in connection establishment: net::ERR_CONNECTION_REFUSED @ http://localhost:3005/_next/static/chunks/node_modules_3e6e81b0._.js:17264
[   84744ms] [ERROR] WebSocket connection to 'ws://localhost:3002/socket.io/?EIO=4&transport=websocket' failed: Error in connection establishment: net::ERR_CONNECTION_REFUSED @ http://localhost:3005/_next/static/chunks/node_modules_3e6e81b0._.js:17264
[   89147ms] [ERROR] WebSocket connection to 'ws://localhost:3002/socket.io/?EIO=4&transport=websocket' failed: Error in connection establishment: net::ERR_CONNECTION_REFUSED @ http://localhost:3005/_next/static/chunks/node_modules_3e6e81b0._.js:17264
[   93885ms] [ERROR] WebSocket connection to 'ws://localhost:3002/socket.io/?EIO=4&transport=websocket' failed: Error in connection establishment: net::ERR_CONNECTION_REFUSED @ http://localhost:3005/_next/static/chunks/node_modules_3e6e81b0._.js:17264
[  103897ms] [WARNING] WebSocket connection to 'ws://localhost:3002/socket.io/?EIO=4&transport=websocket' failed: WebSocket is closed before the connection is established. @ http://localhost:3005/_next/static/chunks/node_modules_3e6e81b0._.js:17239
[  106390ms] [ERROR] WebSocket connection to 'ws://localhost:3002/socket.io/?EIO=4&transport=websocket' failed: Error in connection establishment: net::ERR_CONNECTION_REFUSED @ http://localhost:3005/_next/static/chunks/node_modules_3e6e81b0._.js:17264
[  110204ms] [ERROR] WebSocket connection to 'ws://localhost:3002/socket.io/?EIO=4&transport=websocket' failed: Error in connection establishment: net::ERR_CONNECTION_REFUSED @ http://localhost:3005/_next/static/chunks/node_modules_3e6e81b0._.js:17264
[  115688ms] [ERROR] WebSocket connection to 'ws://localhost:3002/socket.io/?EIO=4&transport=websocket' failed: Error in connection establishment: net::ERR_CONNECTION_REFUSED @ http://localhost:3005/_next/static/chunks/node_modules_3e6e81b0._.js:17264
[  122450ms] [ERROR] WebSocket connection to 'ws://localhost:3002/socket.io/?EIO=4&transport=websocket' failed: Error in connection establishment: net::ERR_CONNECTION_REFUSED @ http://localhost:3005/_next/static/chunks/node_modules_3e6e81b0._.js:17264
[  129401ms] [ERROR] WebSocket connection to 'ws://localhost:3002/socket.io/?EIO=4&transport=websocket' failed: Error in connection establishment: net::ERR_CONNECTION_REFUSED @ http://localhost:3005/_next/static/chunks/node_modules_3e6e81b0._.js:17264
[  136858ms] [ERROR] WebSocket connection to 'ws://localhost:3002/socket.io/?EIO=4&transport=websocket' failed: Error in connection establishment: net::ERR_CONNECTION_REFUSED @ http://localhost:3005/_next/static/chunks/node_modules_3e6e81b0._.js:17264
