[    7007ms] [ERROR] WebSocket connection to 'ws://localhost:3002/socket.io/?EIO=4&transport=websocket' failed: Error in connection establishment: net::ERR_CONNECTION_REFUSED @ http://localhost:3005/_next/static/chunks/node_modules_1db6cc3e._.js:18905
[   10167ms] [ERROR] WebSocket connection to 'ws://localhost:3002/socket.io/?EIO=4&transport=websocket' failed: Error in connection establishment: net::ERR_CONNECTION_REFUSED @ http://localhost:3005/_next/static/chunks/node_modules_1db6cc3e._.js:18905
[   14106ms] [ERROR] WebSocket connection to 'ws://localhost:3002/socket.io/?EIO=4&transport=websocket' failed: Error in connection establishment: net::ERR_CONNECTION_REFUSED @ http://localhost:3005/_next/static/chunks/node_modules_1db6cc3e._.js:18905
[   21485ms] [ERROR] WebSocket connection to 'ws://localhost:3002/socket.io/?EIO=4&transport=websocket' failed: Error in connection establishment: net::ERR_CONNECTION_REFUSED @ http://localhost:3005/_next/static/chunks/node_modules_1db6cc3e._.js:18905
[   28826ms] [ERROR] WebSocket connection to 'ws://localhost:3002/socket.io/?EIO=4&transport=websocket' failed: Error in connection establishment: net::ERR_CONNECTION_REFUSED @ http://localhost:3005/_next/static/chunks/node_modules_1db6cc3e._.js:18905
[   36179ms] [ERROR] WebSocket connection to 'ws://localhost:3002/socket.io/?EIO=4&transport=websocket' failed: Error in connection establishment: net::ERR_CONNECTION_REFUSED @ http://localhost:3005/_next/static/chunks/node_modules_1db6cc3e._.js:18905
[   44344ms] [WARNING] Warning: Missing `Description` or `aria-describedby={undefined}` for {DialogContent}. @ http://localhost:3005/_next/static/chunks/node_modules_next_dist_7a8122d0._.js:2287
[   44348ms] [WARNING] Warning: Missing `Description` or `aria-describedby={undefined}` for {DialogContent}. @ http://localhost:3005/_next/static/chunks/node_modules_next_dist_7a8122d0._.js:2287
[   50244ms] [WARNING] Warning: Missing `Description` or `aria-describedby={undefined}` for {DialogContent}. @ http://localhost:3005/_next/static/chunks/node_modules_next_dist_7a8122d0._.js:2287
[   50248ms] [WARNING] Warning: Missing `Description` or `aria-describedby={undefined}` for {DialogContent}. @ http://localhost:3005/_next/static/chunks/node_modules_next_dist_7a8122d0._.js:2287
[   51406ms] [WARNING] WebSocket connection to 'ws://localhost:3002/socket.io/?EIO=4&transport=websocket' failed: WebSocket is closed before the connection is established. @ http://localhost:3005/_next/static/chunks/node_modules_1db6cc3e._.js:18880
[   53767ms] [ERROR] WebSocket connection to 'ws://localhost:3002/socket.io/?EIO=4&transport=websocket' failed: Error in connection establishment: net::ERR_CONNECTION_REFUSED @ http://localhost:3005/_next/static/chunks/node_modules_1db6cc3e._.js:18905
[   57301ms] [ERROR] WebSocket connection to 'ws://localhost:3002/socket.io/?EIO=4&transport=websocket' failed: Error in connection establishment: net::ERR_CONNECTION_REFUSED @ http://localhost:3005/_next/static/chunks/node_modules_1db6cc3e._.js:18905
[   57489ms] [WARNING] WebSocket connection to 'ws://localhost:3002/socket.io/?EIO=4&transport=websocket' failed: WebSocket is closed before the connection is established. @ http://localhost:3005/_next/static/chunks/node_modules_1db6cc3e._.js:18880
[   59832ms] [ERROR] WebSocket connection to 'ws://localhost:3002/socket.io/?EIO=4&transport=websocket' failed: Error in connection establishment: net::ERR_CONNECTION_REFUSED @ http://localhost:3005/_next/static/chunks/node_modules_1db6cc3e._.js:18905
[   63346ms] [ERROR] WebSocket connection to 'ws://localhost:3002/socket.io/?EIO=4&transport=websocket' failed: Error in connection establishment: net::ERR_CONNECTION_REFUSED @ http://localhost:3005/_next/static/chunks/node_modules_1db6cc3e._.js:18905
[   67830ms] [ERROR] WebSocket connection to 'ws://localhost:3002/socket.io/?EIO=4&transport=websocket' failed: Error in connection establishment: net::ERR_CONNECTION_REFUSED @ http://localhost:3005/_next/static/chunks/node_modules_1db6cc3e._.js:18905
[   74541ms] [ERROR] WebSocket connection to 'ws://localhost:3002/socket.io/?EIO=4&transport=websocket' failed: Error in connection establishment: net::ERR_CONNECTION_REFUSED @ http://localhost:3005/_next/static/chunks/node_modules_1db6cc3e._.js:18905
[   81902ms] [ERROR] WebSocket connection to 'ws://localhost:3002/socket.io/?EIO=4&transport=websocket' failed: Error in connection establishment: net::ERR_CONNECTION_REFUSED @ http://localhost:3005/_next/static/chunks/node_modules_1db6cc3e._.js:18905
[   86114ms] [WARNING] Warning: Missing `Description` or `aria-describedby={undefined}` for {DialogContent}. @ http://localhost:3005/_next/static/chunks/node_modules_next_dist_7a8122d0._.js:2287
[   86117ms] [WARNING] Warning: Missing `Description` or `aria-describedby={undefined}` for {DialogContent}. @ http://localhost:3005/_next/static/chunks/node_modules_next_dist_7a8122d0._.js:2287
[   89269ms] [ERROR] WebSocket connection to 'ws://localhost:3002/socket.io/?EIO=4&transport=websocket' failed: Error in connection establishment: net::ERR_CONNECTION_REFUSED @ http://localhost:3005/_next/static/chunks/node_modules_1db6cc3e._.js:18905
[  150974ms] [WARNING] WebSocket connection to 'ws://localhost:3002/socket.io/?EIO=4&transport=websocket' failed: WebSocket is closed before the connection is established. @ http://localhost:3005/_next/static/chunks/node_modules_1db6cc3e._.js:18880
[  153335ms] [ERROR] WebSocket connection to 'ws://localhost:3002/socket.io/?EIO=4&transport=websocket' failed: Error in connection establishment: net::ERR_CONNECTION_REFUSED @ http://localhost:3005/_next/static/chunks/node_modules_1db6cc3e._.js:18905
[  156904ms] [ERROR] WebSocket connection to 'ws://localhost:3002/socket.io/?EIO=4&transport=websocket' failed: Error in connection establishment: net::ERR_CONNECTION_REFUSED @ http://localhost:3005/_next/static/chunks/node_modules_1db6cc3e._.js:18905
[  160374ms] [ERROR] WebSocket connection to 'ws://localhost:3002/socket.io/?EIO=4&transport=websocket' failed: Error in connection establishment: net::ERR_CONNECTION_REFUSED @ http://localhost:3005/_next/static/chunks/node_modules_1db6cc3e._.js:18905
[  167049ms] [ERROR] WebSocket connection to 'ws://localhost:3002/socket.io/?EIO=4&transport=websocket' failed: Error in connection establishment: net::ERR_CONNECTION_REFUSED @ http://localhost:3005/_next/static/chunks/node_modules_1db6cc3e._.js:18905
[  168721ms] [WARNING] WebSocket connection to 'ws://localhost:3002/socket.io/?EIO=4&transport=websocket' failed: WebSocket is closed before the connection is established. @ http://localhost:3005/_next/static/chunks/node_modules_1db6cc3e._.js:18880
[  171095ms] [ERROR] WebSocket connection to 'ws://localhost:3002/socket.io/?EIO=4&transport=websocket' failed: Error in connection establishment: net::ERR_CONNECTION_REFUSED @ http://localhost:3005/_next/static/chunks/node_modules_1db6cc3e._.js:18905
[  174348ms] [ERROR] WebSocket connection to 'ws://localhost:3002/socket.io/?EIO=4&transport=websocket' failed: Error in connection establishment: net::ERR_CONNECTION_REFUSED @ http://localhost:3005/_next/static/chunks/node_modules_1db6cc3e._.js:18905
[  179263ms] [ERROR] WebSocket connection to 'ws://localhost:3002/socket.io/?EIO=4&transport=websocket' failed: Error in connection establishment: net::ERR_CONNECTION_REFUSED @ http://localhost:3005/_next/static/chunks/node_modules_1db6cc3e._.js:18905
[  186290ms] [ERROR] WebSocket connection to 'ws://localhost:3002/socket.io/?EIO=4&transport=websocket' failed: Error in connection establishment: net::ERR_CONNECTION_REFUSED @ http://localhost:3005/_next/static/chunks/node_modules_1db6cc3e._.js:18905
[  193677ms] [ERROR] WebSocket connection to 'ws://localhost:3002/socket.io/?EIO=4&transport=websocket' failed: Error in connection establishment: net::ERR_CONNECTION_REFUSED @ http://localhost:3005/_next/static/chunks/node_modules_1db6cc3e._.js:18905
[  201072ms] [ERROR] WebSocket connection to 'ws://localhost:3002/socket.io/?EIO=4&transport=websocket' failed: Error in connection establishment: net::ERR_CONNECTION_REFUSED @ http://localhost:3005/_next/static/chunks/node_modules_1db6cc3e._.js:18905
