[    3738ms] [ERROR] WebSocket connection to 'ws://localhost:3002/socket.io/?EIO=4&transport=websocket' failed: Error in connection establishment: net::ERR_CONNECTION_REFUSED @ http://localhost:3005/_next/static/chunks/node_modules_74530790._.js:18488
[    7381ms] [ERROR] WebSocket connection to 'ws://localhost:3002/socket.io/?EIO=4&transport=websocket' failed: Error in connection establishment: net::ERR_CONNECTION_REFUSED @ http://localhost:3005/_next/static/chunks/node_modules_74530790._.js:18488
[   10916ms] [ERROR] WebSocket connection to 'ws://localhost:3002/socket.io/?EIO=4&transport=websocket' failed: Error in connection establishment: net::ERR_CONNECTION_REFUSED @ http://localhost:3005/_next/static/chunks/node_modules_74530790._.js:18488
[   18062ms] [ERROR] WebSocket connection to 'ws://localhost:3002/socket.io/?EIO=4&transport=websocket' failed: Error in connection establishment: net::ERR_CONNECTION_REFUSED @ http://localhost:3005/_next/static/chunks/node_modules_74530790._.js:18488
[   25451ms] [ERROR] WebSocket connection to 'ws://localhost:3002/socket.io/?EIO=4&transport=websocket' failed: Error in connection establishment: net::ERR_CONNECTION_REFUSED @ http://localhost:3005/_next/static/chunks/node_modules_74530790._.js:18488
[   28160ms] [WARNING] WebSocket connection to 'ws://localhost:3002/socket.io/?EIO=4&transport=websocket' failed: WebSocket is closed before the connection is established. @ http://localhost:3005/_next/static/chunks/node_modules_74530790._.js:18463
[   30547ms] [ERROR] WebSocket connection to 'ws://localhost:3002/socket.io/?EIO=4&transport=websocket' failed: Error in connection establishment: net::ERR_CONNECTION_REFUSED @ http://localhost:3005/_next/static/chunks/node_modules_74530790._.js:18488
[   31587ms] [WARNING] WebSocket connection to 'ws://localhost:3002/socket.io/?EIO=4&transport=websocket' failed: WebSocket is closed before the connection is established. @ http://localhost:3005/_next/static/chunks/node_modules_74530790._.js:18463
[   31604ms] [WARNING] WebSocket connection to 'ws://localhost:3002/socket.io/?EIO=4&transport=websocket' failed: WebSocket is closed before the connection is established. @ http://localhost:3005/_next/static/chunks/node_modules_74530790._.js:18463
[   32607ms] [WARNING] WebSocket connection to 'ws://localhost:3002/socket.io/?EIO=4&transport=websocket' failed: WebSocket is closed before the connection is established. @ http://localhost:3005/_next/static/chunks/node_modules_74530790._.js:18463
[   32614ms] [WARNING] WebSocket connection to 'ws://localhost:3002/socket.io/?EIO=4&transport=websocket' failed: WebSocket is closed before the connection is established. @ http://localhost:3005/_next/static/chunks/node_modules_74530790._.js:18463
[   35016ms] [ERROR] WebSocket connection to 'ws://localhost:3002/socket.io/?EIO=4&transport=websocket' failed: Error in connection establishment: net::ERR_CONNECTION_REFUSED @ http://localhost:3005/_next/static/chunks/node_modules_74530790._.js:18488
[   38930ms] [ERROR] WebSocket connection to 'ws://localhost:3002/socket.io/?EIO=4&transport=websocket' failed: Error in connection establishment: net::ERR_CONNECTION_REFUSED @ http://localhost:3005/_next/static/chunks/node_modules_74530790._.js:18488
[   43688ms] [ERROR] WebSocket connection to 'ws://localhost:3002/socket.io/?EIO=4&transport=websocket' failed: Error in connection establishment: net::ERR_CONNECTION_REFUSED @ http://localhost:3005/_next/static/chunks/node_modules_74530790._.js:18488
[   51111ms] [ERROR] WebSocket connection to 'ws://localhost:3002/socket.io/?EIO=4&transport=websocket' failed: Error in connection establishment: net::ERR_CONNECTION_REFUSED @ http://localhost:3005/_next/static/chunks/node_modules_74530790._.js:18488
[   58518ms] [ERROR] WebSocket connection to 'ws://localhost:3002/socket.io/?EIO=4&transport=websocket' failed: Error in connection establishment: net::ERR_CONNECTION_REFUSED @ http://localhost:3005/_next/static/chunks/node_modules_74530790._.js:18488
[   66013ms] [ERROR] WebSocket connection to 'ws://localhost:3002/socket.io/?EIO=4&transport=websocket' failed: Error in connection establishment: net::ERR_CONNECTION_REFUSED @ http://localhost:3005/_next/static/chunks/node_modules_74530790._.js:18488
[  105153ms] [WARNING] WebSocket connection to 'ws://localhost:3002/socket.io/?EIO=4&transport=websocket' failed: WebSocket is closed before the connection is established. @ http://localhost:3005/_next/static/chunks/node_modules_74530790._.js:18463
[  107725ms] [ERROR] WebSocket connection to 'ws://localhost:3002/socket.io/?EIO=4&transport=websocket' failed: Error in connection establishment: net::ERR_CONNECTION_REFUSED @ http://localhost:3005/_next/static/chunks/node_modules_74530790._.js:18488
[  111493ms] [ERROR] WebSocket connection to 'ws://localhost:3002/socket.io/?EIO=4&transport=websocket' failed: Error in connection establishment: net::ERR_CONNECTION_REFUSED @ http://localhost:3005/_next/static/chunks/node_modules_74530790._.js:18488
[  115740ms] [ERROR] WebSocket connection to 'ws://localhost:3002/socket.io/?EIO=4&transport=websocket' failed: Error in connection establishment: net::ERR_CONNECTION_REFUSED @ http://localhost:3005/_next/static/chunks/node_modules_74530790._.js:18488
[  122913ms] [ERROR] WebSocket connection to 'ws://localhost:3002/socket.io/?EIO=4&transport=websocket' failed: Error in connection establishment: net::ERR_CONNECTION_REFUSED @ http://localhost:3005/_next/static/chunks/node_modules_74530790._.js:18488
[  130258ms] [ERROR] WebSocket connection to 'ws://localhost:3002/socket.io/?EIO=4&transport=websocket' failed: Error in connection establishment: net::ERR_CONNECTION_REFUSED @ http://localhost:3005/_next/static/chunks/node_modules_74530790._.js:18488
[  137618ms] [ERROR] WebSocket connection to 'ws://localhost:3002/socket.io/?EIO=4&transport=websocket' failed: Error in connection establishment: net::ERR_CONNECTION_REFUSED @ http://localhost:3005/_next/static/chunks/node_modules_74530790._.js:18488
